spring\project\autopart_shop\entity\Manufacturer.class
spring\project\autopart_shop\repository\PartRepository.class
spring\project\autopart_shop\util\CustomUserDetails.class
spring\project\autopart_shop\request\PartRequest.class
spring\project\autopart_shop\configuration\SecurityConfig.class
spring\project\autopart_shop\entity\Car.class
spring\project\autopart_shop\entity\User.class
spring\project\autopart_shop\repository\ManufacturerRepository.class
spring\project\autopart_shop\service\CarService.class
spring\project\autopart_shop\component\JwtUtil.class
spring\project\autopart_shop\service\UserService.class
spring\project\autopart_shop\controller\UserController.class
spring\project\autopart_shop\entity\Part.class
spring\project\autopart_shop\repository\CarRepository.class
spring\project\autopart_shop\service\PartService.class
spring\project\autopart_shop\request\LoginRequest.class
spring\project\autopart_shop\request\ManufacturerRequest.class
spring\project\autopart_shop\AutopartShopApplication.class
spring\project\autopart_shop\entity\PartCategory.class
spring\project\autopart_shop\controller\PartController.class
spring\project\autopart_shop\service\ManufacturerService.class
spring\project\autopart_shop\request\RegisterRequest.class
spring\project\autopart_shop\repository\UserRepository.class
spring\project\autopart_shop\controller\CarController.class
spring\project\autopart_shop\service\UtilService.class
spring\project\autopart_shop\component\JwtFilter.class
spring\project\autopart_shop\controller\ManufacturerController.class
spring\project\autopart_shop\entity\UserRole.class
spring\project\autopart_shop\request\CarRequest.class
