C:\Users\kaloy\Desktop\Java-Projects\autoparts-shop-docker\backend\src\main\java\spring\project\autopart_shop\AutopartShopApplication.java
C:\Users\kaloy\Desktop\Java-Projects\autoparts-shop-docker\backend\src\main\java\spring\project\autopart_shop\component\JwtFilter.java
C:\Users\kaloy\Desktop\Java-Projects\autoparts-shop-docker\backend\src\main\java\spring\project\autopart_shop\component\JwtUtil.java
C:\Users\kaloy\Desktop\Java-Projects\autoparts-shop-docker\backend\src\main\java\spring\project\autopart_shop\configuration\SecurityConfig.java
C:\Users\kaloy\Desktop\Java-Projects\autoparts-shop-docker\backend\src\main\java\spring\project\autopart_shop\controller\CarController.java
C:\Users\kaloy\Desktop\Java-Projects\autoparts-shop-docker\backend\src\main\java\spring\project\autopart_shop\controller\ManufacturerController.java
C:\Users\kaloy\Desktop\Java-Projects\autoparts-shop-docker\backend\src\main\java\spring\project\autopart_shop\controller\PartController.java
C:\Users\kaloy\Desktop\Java-Projects\autoparts-shop-docker\backend\src\main\java\spring\project\autopart_shop\controller\UserController.java
C:\Users\kaloy\Desktop\Java-Projects\autoparts-shop-docker\backend\src\main\java\spring\project\autopart_shop\entity\Car.java
C:\Users\kaloy\Desktop\Java-Projects\autoparts-shop-docker\backend\src\main\java\spring\project\autopart_shop\entity\Manufacturer.java
C:\Users\kaloy\Desktop\Java-Projects\autoparts-shop-docker\backend\src\main\java\spring\project\autopart_shop\entity\Part.java
C:\Users\kaloy\Desktop\Java-Projects\autoparts-shop-docker\backend\src\main\java\spring\project\autopart_shop\entity\PartCategory.java
C:\Users\kaloy\Desktop\Java-Projects\autoparts-shop-docker\backend\src\main\java\spring\project\autopart_shop\entity\User.java
C:\Users\kaloy\Desktop\Java-Projects\autoparts-shop-docker\backend\src\main\java\spring\project\autopart_shop\entity\UserRole.java
C:\Users\kaloy\Desktop\Java-Projects\autoparts-shop-docker\backend\src\main\java\spring\project\autopart_shop\repository\CarRepository.java
C:\Users\kaloy\Desktop\Java-Projects\autoparts-shop-docker\backend\src\main\java\spring\project\autopart_shop\repository\ManufacturerRepository.java
C:\Users\kaloy\Desktop\Java-Projects\autoparts-shop-docker\backend\src\main\java\spring\project\autopart_shop\repository\PartRepository.java
C:\Users\kaloy\Desktop\Java-Projects\autoparts-shop-docker\backend\src\main\java\spring\project\autopart_shop\repository\UserRepository.java
C:\Users\kaloy\Desktop\Java-Projects\autoparts-shop-docker\backend\src\main\java\spring\project\autopart_shop\request\CarRequest.java
C:\Users\kaloy\Desktop\Java-Projects\autoparts-shop-docker\backend\src\main\java\spring\project\autopart_shop\request\LoginRequest.java
C:\Users\kaloy\Desktop\Java-Projects\autoparts-shop-docker\backend\src\main\java\spring\project\autopart_shop\request\ManufacturerRequest.java
C:\Users\kaloy\Desktop\Java-Projects\autoparts-shop-docker\backend\src\main\java\spring\project\autopart_shop\request\PartRequest.java
C:\Users\kaloy\Desktop\Java-Projects\autoparts-shop-docker\backend\src\main\java\spring\project\autopart_shop\request\RegisterRequest.java
C:\Users\kaloy\Desktop\Java-Projects\autoparts-shop-docker\backend\src\main\java\spring\project\autopart_shop\service\CarService.java
C:\Users\kaloy\Desktop\Java-Projects\autoparts-shop-docker\backend\src\main\java\spring\project\autopart_shop\service\ManufacturerService.java
C:\Users\kaloy\Desktop\Java-Projects\autoparts-shop-docker\backend\src\main\java\spring\project\autopart_shop\service\PartService.java
C:\Users\kaloy\Desktop\Java-Projects\autoparts-shop-docker\backend\src\main\java\spring\project\autopart_shop\service\UserService.java
C:\Users\kaloy\Desktop\Java-Projects\autoparts-shop-docker\backend\src\main\java\spring\project\autopart_shop\service\UtilService.java
C:\Users\kaloy\Desktop\Java-Projects\autoparts-shop-docker\backend\src\main\java\spring\project\autopart_shop\util\CustomUserDetails.java
